
> alco-hub@1.0.0 desktop:build
> npm run build && electron-builder --win nsis


> alco-hub@1.0.0 build
> vite build

vite v6.4.3 building for production...
transforming...
✓ 1685 modules transformed.
rendering chunks...
computing gzip size...
dist/index.html                   1.17 kB │ gzip:   0.57 kB
dist/assets/index-BNHFkiYm.css   79.56 kB │ gzip:  15.55 kB
dist/assets/index-DW8BSXVz.js   630.30 kB │ gzip: 141.73 kB

(!) Some chunks are larger than 500 kB after minification. Consider:
- Using dynamic import() to code-split the application
- Use build.rollupOptions.output.manualChunks to improve chunking: https://rollupjs.org/configuration-options/#output-manualchunks
- Adjust chunk size limit for this warning via build.chunkSizeWarningLimit.
✓ built in 47.93s
  • electron-builder  version=26.15.3 os=10.0.19045
  • loaded configuration  file=package.json ("build" field)
  • description is missed in the package.json  appPackageFile=D:\Aladzan Corpora\Produk Aladzan Corpora\Alco Hub\package.json
  • author is missed in the package.json  appPackageFile=D:\Aladzan Corpora\Produk Aladzan Corpora\Alco Hub\package.json
  • packageManager not detected by file, falling back to environment detection  resolvedPackageManager=npm detected=D:\Aladzan Corpora\Produk Aladzan Corpora\Alco Hub
  • executing @electron/rebuild  electronVersion=44.1.0 arch=x64 buildFromSource=false workspaceRoot=D:\Aladzan Corpora\Produk Aladzan Corpora\Alco Hub projectDir=./ appDir=./
  • installing native dependencies  arch=x64
  • completed installing native dependencies
  • packaging       platform=win32 arch=x64 electron=44.1.0 appOutDir=dist-electron\win-unpacked
  • downloaded      label=electron progress=100%
  • downloaded electron zip extracted successfully  output=D:\Aladzan Corpora\Produk Aladzan Corpora\Alco Hub\dist-electron\win-unpacked
  • searching for node modules  pm=npm searchDir=D:\Aladzan Corpora\Produk Aladzan Corpora\Alco Hub
  • duplicate dependency references  dependencies=["debug@4.4.3","fetch-blob@3.2.0","gaxios@7.3.1","ecdsa-sig-formatter@1.0.11","@jridgewell/trace-mapping@0.3.31","@types/node@22.20.1","lightningcss@1.32.0","@babel/parser@7.29.8","@babel/types@7.29.8","@jridgewell/gen-mapping@0.3.13","@jridgewell/trace-mapping@0.3.31","browserslist@4.28.8","@babel/core@7.29.7","@babel/traverse@7.29.8","@babel/types@7.29.8","@babel/traverse@7.29.8","@babel/template@7.29.7","@babel/types@7.29.8","@babel/types@7.29.8","@babel/code-frame@7.29.7","@babel/parser@7.29.8","@babel/types@7.29.8","@babel/code-frame@7.29.7","@babel/generator@7.29.8","@babel/parser@7.29.8","@babel/template@7.29.7","@babel/types@7.29.8","debug@4.4.3","@jridgewell/remapping@2.3.5","@babel/core@7.29.7","@babel/core@7.29.7","@babel/parser@7.29.8","@babel/types@7.29.8","@babel/types@7.29.8","@babel/parser@7.29.8","@babel/types@7.29.8","@babel/types@7.29.8","vite@6.4.3","http-errors@2.0.1","on-finished@2.4.1","qs@6.15.3","http-errors@2.0.1","iconv-lite@0.4.24","type-is@1.6.18","on-finished@2.4.1","get-intrinsic@1.3.0","call-bind-apply-helpers@1.0.2","call-bind-apply-helpers@1.0.2","es-object-atoms@1.1.2","call-bound@1.0.4","get-intrinsic@1.3.0","side-channel-map@1.0.1","http-errors@2.0.1","on-finished@2.4.1","send@0.19.2","mime-types@2.1.35","react-dom@19.2.8","react-dom@19.2.8"]
  ⨯ ENOENT: no such file or directory, open 'D:\Aladzan Corpora\Produk Aladzan Corpora\Alco Hub\dist\assets\index-BNHFkiYm.css'  failedTask=build stackTrace=Error: ENOENT: no such file or directory, open 'D:\Aladzan Corpora\Produk Aladzan Corpora\Alco Hub\dist\assets\index-BNHFkiYm.css'
